<html>
<body>
<pre>
<h1>µVision Build Log</h1>
<h2>Tool Versions:</h2>
IDE-Version: µVision V5.38.0.0
Copyright (C) 2022 ARM Ltd and ARM Germany GmbH. All rights reserved.
License Information: Dmitriy cheetos, cheetos, LIC=----
 
Tool Versions:
Toolchain:       MDK-Lite  Version: 5.38.0.0
Toolchain Path:  D:\stm32\ARM\ARMCLANG\Bin
C Compiler:      ArmClang.exe V6.19
Assembler:       Armasm.exe V6.19
Linker/Locator:  ArmLink.exe V6.19
Library Manager: ArmAr.exe V6.19
Hex Converter:   FromElf.exe V6.19
CPU DLL:         SARMCM3.DLL V5.38.0.0
Dialog DLL:      DCM.DLL V1.17.5.0
Target DLL:      STLink\ST-LINKIII-KEIL_SWO.dll V3.1.0.0
Dialog DLL:      TCM.DLL V1.56.4.0
 
<h2>Project:</h2>
D:\stm32\projects\MDK\Boards\ST\STM32F3-Discovery\Qwerty\Qwerty.uvprojx
Project File Date:  05/26/2023

<h2>Output:</h2>
*** Using Compiler 'V6.19', folder: 'D:\stm32\ARM\ARMCLANG\Bin'
Build target 'Target 1'
TempDevice.cpp(1): warning: In file included from...
./TempDevice.h(4): warning: In file included from...
./DHT_sensor.h(3): warning: In file included from...
D:/stm32/ARM/Packs/Keil/STM32F3xx_DFP/2.2.2/Drivers/CMSIS/Device/ST/STM32F3xx/Include\stm32f303xc.h(144): warning: commas at the end of enumerator lists are incompatible with C++98 [-Wc++98-compat-pedantic]
  FPU_IRQn                    = 81,      /*!< Floating point Interrupt                                          */
                                  ^~
TempDevice.cpp(1): warning: In file included from...
./TempDevice.h(4): warning: In file included from...
./DHT_sensor.h(84): warning: C++98 requires newline at end of file [-Wc++98-compat-pedantic]
}GPIO_InitTypeDef;
                  ^
TempDevice.cpp(1): warning: In file included from...
./TempDevice.h(5): warning: In file included from...
./DigitalFilter.h(3): warning: In file included from...
./iFilter.h(6): warning: 'iFilter' has virtual functions but non-virtual destructor [-Wnon-virtual-dtor]
class iFilter 
      ^
./iFilter.h(10): warning: C++98 requires newline at end of file [-Wc++98-compat-pedantic]
};
  ^
TempDevice.cpp(1): warning: In file included from...
./TempDevice.h(5): warning: In file included from...
./DigitalFilter.h(12): warning: default member initializer for non-static data members is incompatible with C++98 [-Wc++98-compat]
        double _oldValue = 0.0;
                         ^
./DigitalFilter.h(5): warning: 'DigitalFilter' has virtual functions but non-virtual destructor [-Wnon-virtual-dtor]
class DigitalFilter : public iFilter
      ^
./DigitalFilter.h(9): warning: 'Filter' overrides a member function but is not marked 'override' [-Wsuggest-override]
        double Filter(double newValue);
               ^
./iFilter.h(9): note: overridden virtual function is here
   virtual double Filter(double newValue) = 0;
                  ^
TempDevice.cpp(1): warning: In file included from...
./TempDevice.h(5): warning: In file included from...
./DigitalFilter.h(13): warning: C++98 requires newline at end of file [-Wc++98-compat-pedantic]
};
  ^
TempDevice.cpp(1): warning: In file included from...
./TempDevice.h(16): warning: trailing return types are incompatible with C++98 [-Wc++98-compat]
        auto getTemp() -> double
                       ^
./TempDevice.h(21): warning: trailing return types are incompatible with C++98 [-Wc++98-compat]
        auto getHum() -> double
                      ^
./TempDevice.h(34): warning: C++98 requires newline at end of file [-Wc++98-compat-pedantic]
};
  ^
TempDevice.cpp(15): warning: 'auto' type specifier is incompatible with C++98 [-Wc++98-compat]
   const auto temp = (double)_sensor.DHT_getData().temp;
         ^~~~
TempDevice.cpp(15): warning: use of old-style cast [-Wold-style-cast]
   const auto temp = (double)_sensor.DHT_getData().temp;
                     ^       ~~~~~~~~~~~~~~~~~~~~~~~~~~
TempDevice.cpp(24): warning: 'auto' type specifier is incompatible with C++98 [-Wc++98-compat]
        const auto hum = (double)_sensor.DHT_getData().hum;
              ^~~~
TempDevice.cpp(24): warning: use of old-style cast [-Wold-style-cast]
        const auto hum = (double)_sensor.DHT_getData().hum;
                         ^       ~~~~~~~~~~~~~~~~~~~~~~~~~
TempDevice.cpp(30): warning: C++98 requires newline at end of file [-Wc++98-compat-pedantic]
}
 ^
16 warnings generated.
compiling TempDevice.cpp...
main.c(6): warning: In file included from...
D:/stm32/ARM/Packs/Keil/STM32F3xx_DFP/2.2.2/Drivers/CMSIS/Device/ST/STM32F3xx/Include\stm32f3xx.h(11): warning: invalid UTF-8 in comment [-Winvalid-utf8]
  *              - To use or not the peripheral<92>s drivers in application code(i.e. 
                                               ^
D:/stm32/ARM/Packs/Keil/STM32F3xx_DFP/2.2.2/Drivers/CMSIS/Device/ST/STM32F3xx/Include\stm32f3xx.h(12): warning: invalid UTF-8 in comment [-Winvalid-utf8]
  *                code will be based on direct access to peripheral<92>s registers 
                                                                    ^
main.c(6): warning: In file included from...
D:/stm32/ARM/Packs/Keil/STM32F3xx_DFP/2.2.2/Drivers/CMSIS/Device/ST/STM32F3xx/Include\stm32f3xx.h(136): warning: In file included from...
D:/stm32/ARM/Packs/Keil/STM32F3xx_DFP/2.2.2/Drivers/CMSIS/Device/ST/STM32F3xx/Include/stm32f303xc.h(144): warning: commas at the end of enumerator lists are incompatible with C++98 [-Wc++98-compat-pedantic]
  FPU_IRQn                    = 81,      /*!< Floating point Interrupt                                          */
                                  ^~
main.c(9): warning: In file included from...
./TempDevice.h(4): warning: In file included from...
./DHT_sensor.h(84): warning: C++98 requires newline at end of file [-Wc++98-compat-pedantic]
}GPIO_InitTypeDef;
                  ^
main.c(9): warning: In file included from...
./TempDevice.h(5): warning: In file included from...
./DigitalFilter.h(3): warning: In file included from...
./iFilter.h(6): warning: 'iFilter' has virtual functions but non-virtual destructor [-Wnon-virtual-dtor]
class iFilter 
      ^
./iFilter.h(10): warning: C++98 requires newline at end of file [-Wc++98-compat-pedantic]
};
  ^
main.c(9): warning: In file included from...
./TempDevice.h(5): warning: In file included from...
./DigitalFilter.h(12): warning: default member initializer for non-static data members is incompatible with C++98 [-Wc++98-compat]
        double _oldValue = 0.0;
                         ^
./DigitalFilter.h(5): warning: 'DigitalFilter' has virtual functions but non-virtual destructor [-Wnon-virtual-dtor]
class DigitalFilter : public iFilter
      ^
./DigitalFilter.h(9): warning: 'Filter' overrides a member function but is not marked 'override' [-Wsuggest-override]
        double Filter(double newValue);
               ^
./iFilter.h(9): note: overridden virtual function is here
   virtual double Filter(double newValue) = 0;
                  ^
main.c(9): warning: In file included from...
./TempDevice.h(5): warning: In file included from...
./DigitalFilter.h(13): warning: C++98 requires newline at end of file [-Wc++98-compat-pedantic]
};
  ^
main.c(9): warning: In file included from...
./TempDevice.h(16): warning: trailing return types are incompatible with C++98 [-Wc++98-compat]
        auto getTemp() -> double
                       ^
./TempDevice.h(21): warning: trailing return types are incompatible with C++98 [-Wc++98-compat]
        auto getHum() -> double
                      ^
./TempDevice.h(34): warning: C++98 requires newline at end of file [-Wc++98-compat-pedantic]
};
  ^
main.c(10): warning: In file included from...
./UsartUser.h(4): warning: In file included from...
./iUsart.h(6): warning: 'iUsart' has virtual functions but non-virtual destructor [-Wnon-virtual-dtor]
class iUsart
      ^
main.c(10): warning: In file included from...
./UsartUser.h(6): warning: 'UsartUser' has virtual functions but non-virtual destructor [-Wnon-virtual-dtor]
class UsartUser : public iUsart
      ^
./UsartUser.h(11): warning: 'Send' overrides a member function but is not marked 'override' [-Wsuggest-override]
                void Send(char* msg);
                     ^
./iUsart.h(8): note: overridden virtual function is here
                virtual void Send(char* msg) = 0;
                             ^
main.c(14): warning: no previous extern declaration for non-static variable 't' [-Wmissing-variable-declarations]
volatile uint8_t t;
                 ^
main.c(14): note: declare 'static' if the variable is not intended to be used outside of this translation unit
volatile uint8_t t;
         ^
main.c(15): warning: no previous extern declaration for non-static variable 'i' [-Wmissing-variable-declarations]
unsigned int i;
             ^
main.c(15): note: declare 'static' if the variable is not intended to be used outside of this translation unit
unsigned int i;
^
main.c(16): warning: no previous prototype for function 'delay' [-Wmissing-prototypes]
void delay() {
     ^
main.c(16): note: declare 'static' if the function is not intended to be used outside of this translation unit
void delay() {
^
static 
main.c(28): warning: use of old-style cast [-Wold-style-cast]
  RCC->CR |= (1 << RCC_CR_HSEON_Pos);
  ^~~
D:/stm32/ARM/Packs/Keil/STM32F3xx_DFP/2.2.2/Drivers/CMSIS/Device/ST/STM32F3xx/Include\stm32f303xc.h(869): note: expanded from macro 'RCC'
#define RCC                 ((RCC_TypeDef *) RCC_BASE)
                             ^               ~~~~~~~~
main.c(31): warning: use of old-style cast [-Wold-style-cast]
    if (RCC->CR & (1 << RCC_CR_HSERDY_Pos))
        ^~~
D:/stm32/ARM/Packs/Keil/STM32F3xx_DFP/2.2.2/Drivers/CMSIS/Device/ST/STM32F3xx/Include\stm32f303xc.h(869): note: expanded from macro 'RCC'
#define RCC                 ((RCC_TypeDef *) RCC_BASE)
                             ^               ~~~~~~~~
main.c(35): warning: use of old-style cast [-Wold-style-cast]
      RCC->CR &= ~(1 << RCC_CR_HSEON_Pos);
      ^~~
D:/stm32/ARM/Packs/Keil/STM32F3xx_DFP/2.2.2/Drivers/CMSIS/Device/ST/STM32F3xx/Include\stm32f303xc.h(869): note: expanded from macro 'RCC'
#define RCC                 ((RCC_TypeDef *) RCC_BASE)
                             ^               ~~~~~~~~
main.c(35): warning: implicit conversion changes signedness: 'int' to 'unsigned int' [-Wsign-conversion]
      RCC->CR &= ~(1 << RCC_CR_HSEON_Pos);
              ~~ ^~~~~~~~~~~~~~~~~~~~~~~~
main.c(40): warning: use of old-style cast [-Wold-style-cast]
  RCC->CFGR |= (0x07 << RCC_CFGR_PLLMUL_Pos) | (0x01 << RCC_CFGR_PLLSRC_Pos);
  ^~~
D:/stm32/ARM/Packs/Keil/STM32F3xx_DFP/2.2.2/Drivers/CMSIS/Device/ST/STM32F3xx/Include\stm32f303xc.h(869): note: expanded from macro 'RCC'
#define RCC                 ((RCC_TypeDef *) RCC_BASE)
                             ^               ~~~~~~~~
main.c(42): warning: use of old-style cast [-Wold-style-cast]
  RCC->CR |= (1 << RCC_CR_PLLON_Pos);
  ^~~
D:/stm32/ARM/Packs/Keil/STM32F3xx_DFP/2.2.2/Drivers/CMSIS/Device/ST/STM32F3xx/Include\stm32f303xc.h(869): note: expanded from macro 'RCC'
#define RCC                 ((RCC_TypeDef *) RCC_BASE)
                             ^               ~~~~~~~~
main.c(46): warning: use of old-style cast [-Wold-style-cast]
    if (RCC->CR & (1 << RCC_CR_PLLRDY_Pos))
        ^~~
D:/stm32/ARM/Packs/Keil/STM32F3xx_DFP/2.2.2/Drivers/CMSIS/Device/ST/STM32F3xx/Include\stm32f303xc.h(869): note: expanded from macro 'RCC'
#define RCC                 ((RCC_TypeDef *) RCC_BASE)
                             ^               ~~~~~~~~
main.c(50): warning: use of old-style cast [-Wold-style-cast]
      RCC->CR &= ~(1 << RCC_CR_HSEON_Pos);
      ^~~
D:/stm32/ARM/Packs/Keil/STM32F3xx_DFP/2.2.2/Drivers/CMSIS/Device/ST/STM32F3xx/Include\stm32f303xc.h(869): note: expanded from macro 'RCC'
#define RCC                 ((RCC_TypeDef *) RCC_BASE)
                             ^               ~~~~~~~~
main.c(50): warning: implicit conversion changes signedness: 'int' to 'unsigned int' [-Wsign-conversion]
      RCC->CR &= ~(1 << RCC_CR_HSEON_Pos);
              ~~ ^~~~~~~~~~~~~~~~~~~~~~~~
main.c(51): warning: use of old-style cast [-Wold-style-cast]
      RCC->CR &= ~(1 << RCC_CR_PLLON_Pos);
      ^~~
D:/stm32/ARM/Packs/Keil/STM32F3xx_DFP/2.2.2/Drivers/CMSIS/Device/ST/STM32F3xx/Include\stm32f303xc.h(869): note: expanded from macro 'RCC'
#define RCC                 ((RCC_TypeDef *) RCC_BASE)
                             ^               ~~~~~~~~
main.c(51): warning: implicit conversion changes signedness: 'int' to 'unsigned int' [-Wsign-conversion]
      RCC->CR &= ~(1 << RCC_CR_PLLON_Pos);
              ~~ ^~~~~~~~~~~~~~~~~~~~~~~~
main.c(56): warning: use of old-style cast [-Wold-style-cast]
  FLASH->ACR |= (0x02 << FLASH_ACR_LATENCY_Pos);
  ^~~~~
D:/stm32/ARM/Packs/Keil/STM32F3xx_DFP/2.2.2/Drivers/CMSIS/Device/ST/STM32F3xx/Include\stm32f303xc.h(870): note: expanded from macro 'FLASH'
#define FLASH               ((FLASH_TypeDef *) FLASH_R_BASE)
                             ^                 ~~~~~~~~~~~~
main.c(58): warning: use of old-style cast [-Wold-style-cast]
  RCC->CFGR |= (0x00 << RCC_CFGR_PPRE2_Pos) | (0x04 << RCC_CFGR_PPRE1_Pos) |
  ^~~
D:/stm32/ARM/Packs/Keil/STM32F3xx_DFP/2.2.2/Drivers/CMSIS/Device/ST/STM32F3xx/Include\stm32f303xc.h(869): note: expanded from macro 'RCC'
#define RCC                 ((RCC_TypeDef *) RCC_BASE)
                             ^               ~~~~~~~~
main.c(61): warning: use of old-style cast [-Wold-style-cast]
  RCC->CFGR |= (0x02 << RCC_CFGR_SW_Pos);
  ^~~
D:/stm32/ARM/Packs/Keil/STM32F3xx_DFP/2.2.2/Drivers/CMSIS/Device/ST/STM32F3xx/Include\stm32f303xc.h(869): note: expanded from macro 'RCC'
#define RCC                 ((RCC_TypeDef *) RCC_BASE)
                             ^               ~~~~~~~~
main.c(63): warning: use of old-style cast [-Wold-style-cast]
  while ((RCC->CFGR & RCC_CFGR_SWS_Msk) != (0x02 << RCC_CFGR_SWS_Pos))
          ^~~
D:/stm32/ARM/Packs/Keil/STM32F3xx_DFP/2.2.2/Drivers/CMSIS/Device/ST/STM32F3xx/Include\stm32f303xc.h(869): note: expanded from macro 'RCC'
#define RCC                 ((RCC_TypeDef *) RCC_BASE)
                             ^               ~~~~~~~~
main.c(68): warning: use of old-style cast [-Wold-style-cast]
  RCC->CR &= ~(1 << RCC_CR_HSION_Pos);
  ^~~
D:/stm32/ARM/Packs/Keil/STM32F3xx_DFP/2.2.2/Drivers/CMSIS/Device/ST/STM32F3xx/Include\stm32f303xc.h(869): note: expanded from macro 'RCC'
#define RCC                 ((RCC_TypeDef *) RCC_BASE)
                             ^               ~~~~~~~~
main.c(68): warning: implicit conversion changes signedness: 'int' to 'unsigned int' [-Wsign-conversion]
  RCC->CR &= ~(1 << RCC_CR_HSION_Pos);
          ~~ ^~~~~~~~~~~~~~~~~~~~~~~~
main.c(25): warning: no previous prototype for function 'ClockInit' [-Wmissing-prototypes]
int ClockInit(void) {
    ^
main.c(25): note: declare 'static' if the function is not intended to be used outside of this translation unit
int ClockInit(void) {
^
static 
main.c(9): warning: In file included from...
./TempDevice.h(5): warning: In file included from...
./DigitalFilter.h(11): warning: padding class 'DigitalFilter' with 4 bytes to align '_tau' [-Wpadded]
        double _tau;
               ^
main.c(74): warning: no previous extern declaration for non-static variable 'temperatureFilter' [-Wmissing-variable-declarations]
DigitalFilter temperatureFilter(1.0);
              ^
main.c(74): note: declare 'static' if the variable is not intended to be used outside of this translation unit
DigitalFilter temperatureFilter(1.0);
^
main.c(74): warning: declaration requires a global constructor [-Wglobal-constructors]
DigitalFilter temperatureFilter(1.0);
              ^~~~~~~~~~~~~~~~~~~~~~
main.c(75): warning: no previous extern declaration for non-static variable 'humidityFilter' [-Wmissing-variable-declarations]
DigitalFilter humidityFilter(1.0);
              ^
main.c(75): note: declare 'static' if the variable is not intended to be used outside of this translation unit
DigitalFilter humidityFilter(1.0);
^
main.c(75): warning: declaration requires a global constructor [-Wglobal-constructors]
DigitalFilter humidityFilter(1.0);
              ^~~~~~~~~~~~~~~~~~~
main.c(77): warning: no previous extern declaration for non-static variable 'temperatureClass' [-Wmissing-variable-declarations]
TempDevice temperatureClass(humidityFilter, temperatureFilter);
           ^
main.c(77): note: declare 'static' if the variable is not intended to be used outside of this translation unit
TempDevice temperatureClass(humidityFilter, temperatureFilter);
^
main.c(77): warning: declaration requires a global constructor [-Wglobal-constructors]
TempDevice temperatureClass(humidityFilter, temperatureFilter);
           ^~~~~~~~~~~~~~~~~~~~~~~~~~~~~~~~~~~~~~~~~~~~~~~~~~~
main.c(79): warning: declaration shadows a variable in the global namespace [-Wshadow]
void ConvertTemperatureToString(const double t, char *msg, int size) {
                                             ^
main.c(14): note: previous declaration is here
volatile uint8_t t;
                 ^
main.c(80): warning: use of old-style cast [-Wold-style-cast]
  int16_t temperature = (int16_t)(t * 10);
                        ^        ~~~~~~~~
main.c(83): warning: 'constexpr' specifier is incompatible with C++98 [-Wc++98-compat]
  constexpr int MaxIdx = 22;
  ^
main.c(106): warning: implicit conversion changes signedness: 'int' to 'char' [-Wsign-conversion]
  msg[indx++] = temperature / 1000 + '0';
              ~ ~~~~~~~~~~~~~~~~~~~^~~~~
main.c(107): warning: implicit conversion loses integer precision: 'int' to 'char' [-Wimplicit-int-conversion]
  msg[indx++] = temperature / 100 + '0';
              ~ ~~~~~~~~~~~~~~~~~~^~~~~
main.c(108): warning: implicit conversion changes signedness: 'int' to 'char' [-Wsign-conversion]
  msg[indx++] = temperature / 10 % 10 + '0';
              ~ ~~~~~~~~~~~~~~~~~~~~~~^~~~~
main.c(110): warning: implicit conversion changes signedness: 'int' to 'char' [-Wsign-conversion]
  msg[indx++] = temperature % 10 + '0';
              ~ ~~~~~~~~~~~~~~~~~^~~~~
main.c(79): warning: no previous prototype for function 'ConvertTemperatureToString' [-Wmissing-prototypes]
void ConvertTemperatureToString(const double t, char *msg, int size) {
     ^
main.c(79): note: declare 'static' if the function is not intended to be used outside of this translation unit
void ConvertTemperatureToString(const double t, char *msg, int size) {
^
static 
main.c(131): warning: 'constexpr' specifier is incompatible with C++98 [-Wc++98-compat]
  constexpr int MaxMessageSize = 22;
  ^
main.c(135): warning: ISO C++ does not allow indirection on operand of type 'void *' [-Wvoid-ptr-dereference]
  TempDevice& temp = (TempDevice &)* arg;
                                   ^ ~~~
main.c(135): warning: use of old-style cast [-Wold-style-cast]
  TempDevice& temp = (TempDevice &)* arg;
                     ^             ~~~~~
main.c(142): warning: variable '_hum' set but not used [-Wunused-but-set-variable]
                double _hum = 0.0;
                       ^
main.c(136): warning: unused variable 'a' [-Wunused-variable]
  int a = 0;
      ^
main.c(164): warning: zero as null pointer constant [-Wzero-as-null-pointer-constant]
  osThreadNew(TempTask, NULL, NULL);
                        ^~~~
                        nullptr
D:\stm32\ARM\ARMCLANG\Bin\..\include\stddef.h(84): note: expanded from macro 'NULL'
#define NULL 0
             ^
main.c(164): warning: zero as null pointer constant [-Wzero-as-null-pointer-constant]
  osThreadNew(TempTask, NULL, NULL);
                              ^~~~
                              nullptr
D:\stm32\ARM\ARMCLANG\Bin\..\include\stddef.h(84): note: expanded from macro 'NULL'
#define NULL 0
             ^
main.c(165): warning: zero as null pointer constant [-Wzero-as-null-pointer-constant]
  osThreadNew(UsartTask, &temperatureClass, NULL);
                                            ^~~~
                                            nullptr
D:\stm32\ARM\ARMCLANG\Bin\..\include\stddef.h(84): note: expanded from macro 'NULL'
#define NULL 0
             ^
main.c(160): warning: unused variable 'a' [-Wunused-variable]
  int a = ClockInit();
      ^
61 warnings generated.
compiling main.c...
linking...
Program Size: Code=23616 RO-data=860 RW-data=180 ZI-data=36344  
FromELF: creating hex file...
".\Objects\Qwerty.axf" - 0 Error(s), 77 Warning(s).

<h2>Software Packages used:</h2>

Package Vendor: ARM
                http://www.keil.com/pack/ARM.CMSIS.5.9.0.pack
                ARM.CMSIS.5.9.0
                CMSIS (Common Microcontroller Software Interface Standard)
   * Component: RTOS2 Version: 2.1.3
   * Component: CORE Version: 5.6.0
   * Component: Keil RTX5 Variant: Source Version: 5.5.4

Package Vendor: Keil
                http://www.keil.com/pack/Keil.STM32F3xx_DFP.2.2.2.pack
                Keil.STM32F3xx_DFP.2.2.2
                STMicroelectronics STM32F3 Series Device Support and Examples
   * Component: Startup Version: 1.11.3

<h2>Collection of Component include folders:</h2>
  ./RTE/CMSIS
  ./RTE/_Target_1
  D:/stm32/ARM/Packs/ARM/CMSIS/5.9.0/CMSIS/Core/Include
  D:/stm32/ARM/Packs/ARM/CMSIS/5.9.0/CMSIS/RTOS2/Include
  D:/stm32/ARM/Packs/ARM/CMSIS/5.9.0/CMSIS/RTOS2/RTX/Include
  D:/stm32/ARM/Packs/Keil/STM32F3xx_DFP/2.2.2/Drivers/CMSIS/Device/ST/STM32F3xx/Include

<h2>Collection of Component Files used:</h2>

   * Component: ::CMSIS:RTOS2:2.1.3 (API)
      Include file:  CMSIS/RTOS2/Include/cmsis_os2.h

   * Component: ARM::CMSIS:CORE:5.6.0

   * Component: ARM::CMSIS:RTOS2:Keil RTX5:Source:5.5.4
      Include file:  CMSIS/RTOS2/RTX/Config/RTX_Config.h
      Source file:   CMSIS/RTOS2/RTX/Template/Mutex.c
      Source file:   CMSIS/RTOS2/RTX/Template/MsgQueue.c
      Source file:   CMSIS/RTOS2/RTX/Template/Timer.c
      Source file:   CMSIS/RTOS2/RTX/Template/MemPool.c
      Source file:   CMSIS/RTOS2/RTX/Template/Semaphore.c
      Source file:   CMSIS/RTOS2/RTX/Template/svc_user.c
      Source file:   CMSIS/RTOS2/RTX/Source/rtx_kernel.c
      Source file:   CMSIS/RTOS2/RTX/Source/rtx_thread.c
      Source file:   CMSIS/RTOS2/RTX/Source/rtx_timer.c
      Source file:   CMSIS/RTOS2/RTX/Source/rtx_evflags.c
      Source file:   CMSIS/RTOS2/RTX/Source/rtx_mutex.c
      Source file:   CMSIS/RTOS2/RTX/Source/rtx_semaphore.c
      Source file:   CMSIS/RTOS2/RTX/Source/rtx_mempool.c
      Source file:   CMSIS/RTOS2/RTX/Config/RTX_Config.c
      Source file:   CMSIS/RTOS2/RTX/Source/rtx_msgqueue.c
      Include file:  CMSIS/RTOS2/RTX/Include/rtx_os.h
      Source file:   CMSIS/RTOS2/RTX/Template/Thread.c
      Source file:   CMSIS/RTOS2/RTX/Source/rtx_delay.c
      Source file:   CMSIS/RTOS2/RTX/Source/rtx_memory.c
      Source file:   CMSIS/RTOS2/RTX/Source/rtx_system.c
      Source file:   CMSIS/RTOS2/RTX/Template/Events.c
      Source file:   CMSIS/RTOS2/RTX/Template/main.c
      Source file:   CMSIS/RTOS2/RTX/Source/rtx_lib.c
      Source file:   CMSIS/RTOS2/RTX/Source/rtx_evr.c
      Source file:   CMSIS/RTOS2/RTX/Source/GCC/irq_armv7m.S
      Source file:   CMSIS/RTOS2/Source/os_systick.c

   * Component: Keil.Standalone::Device:Startup:1.11.3
      Source file:   Drivers/CMSIS/Device/ST/STM32F3xx/Source/Templates/system_stm32f3xx.c
      Source file:   MDK/Device/Source/ARM/STM32F3xx_OPT.s
      Source file:   Drivers/CMSIS/Device/ST/STM32F3xx/Source/Templates/arm/startup_stm32f303xc.s
      Include file:  Drivers/CMSIS/Device/ST/STM32F3xx/Include/stm32f3xx.h
Build Time Elapsed:  00:00:02
</pre>
</body>
</html>
