<html>
<body>
<pre>
<h1>µVision Build Log</h1>
<h2>Tool Versions:</h2>
IDE-Version: µVision V5.38.0.0
Copyright (C) 2022 ARM Ltd and ARM Germany GmbH. All rights reserved.
License Information: Dmitriy cheetos, cheetos, LIC=----
 
Tool Versions:
Toolchain:       MDK-Lite  Version: 5.38.0.0
Toolchain Path:  D:\stm32\ARM\ARMCLANG\Bin
C Compiler:      ArmClang.exe V6.19
Assembler:       Armasm.exe V6.19
Linker/Locator:  ArmLink.exe V6.19
Library Manager: ArmAr.exe V6.19
Hex Converter:   FromElf.exe V6.19
CPU DLL:         SARMCM3.DLL V5.38.0.0
Dialog DLL:      DCM.DLL V1.17.5.0
Target DLL:      STLink\ST-LINKIII-KEIL_SWO.dll V3.1.0.0
Dialog DLL:      TCM.DLL V1.56.4.0
 
<h2>Project:</h2>
D:\stm32\projects\MDK\Boards\ST\STM32F3-Discovery\Qwerty\Qwerty.uvprojx
Project File Date:  05/26/2023

<h2>Output:</h2>
*** Using Compiler 'V6.19', folder: 'D:\stm32\ARM\ARMCLANG\Bin'
Build target 'Target 1'
TempDevice.cpp(1): warning: In file included from...
./TempDevice.h(4): warning: In file included from...
./DHT_sensor.h(3): warning: In file included from...
D:/stm32/ARM/Packs/Keil/STM32F3xx_DFP/2.2.2/Drivers/CMSIS/Device/ST/STM32F3xx/Include\stm32f303xc.h(144): warning: commas at the end of enumerator lists are incompatible with C++98 [-Wc++98-compat-pedantic]
  FPU_IRQn                    = 81,      /*!< Floating point Interrupt                                          */
                                  ^~
TempDevice.cpp(1): warning: In file included from...
./TempDevice.h(4): warning: In file included from...
./DHT_sensor.h(84): warning: C++98 requires newline at end of file [-Wc++98-compat-pedantic]
}GPIO_InitTypeDef;
                  ^
TempDevice.cpp(1): warning: In file included from...
./TempDevice.h(5): warning: In file included from...
./DigitalFilter.h(3): warning: In file included from...
./iFilter.h(6): warning: 'iFilter' has virtual functions but non-virtual destructor [-Wnon-virtual-dtor]
class iFilter 
      ^
./iFilter.h(10): warning: C++98 requires newline at end of file [-Wc++98-compat-pedantic]
};
  ^
TempDevice.cpp(1): warning: In file included from...
./TempDevice.h(5): warning: In file included from...
./DigitalFilter.h(5): warning: 'DigitalFilter' has virtual functions but non-virtual destructor [-Wnon-virtual-dtor]
class DigitalFilter : public iFilter
      ^
./DigitalFilter.h(9): warning: 'Filter' overrides a member function but is not marked 'override' [-Wsuggest-override]
        double Filter(double* oldValues, uint16_t lenOldValues, double newValue);
               ^
./iFilter.h(9): note: overridden virtual function is here
                virtual double Filter(double* oldValues, uint16_t lenOldValues, double newValue) = 0;
                               ^
TempDevice.cpp(1): warning: In file included from...
./TempDevice.h(5): warning: In file included from...
./DigitalFilter.h(14): warning: C++98 requires newline at end of file [-Wc++98-compat-pedantic]
};
  ^
TempDevice.cpp(1): warning: In file included from...
./TempDevice.h(25): warning: C++98 requires newline at end of file [-Wc++98-compat-pedantic]
};
  ^
TempDevice.cpp(1): warning: In file included from...
./TempDevice.h(5): warning: In file included from...
./DigitalFilter.h(11): warning: padding class 'DigitalFilter' with 4 bytes to align 'R' [-Wpadded]
        double R;
               ^
TempDevice.cpp(1): warning: In file included from...
./TempDevice.h(23): warning: padding class 'TempDevice' with 4 bytes to align 'newValueHum' [-Wpadded]
        double newValueHum;
               ^
TempDevice.cpp(21): warning: use of old-style cast [-Wold-style-cast]
        newValueTemp            = (double)sensor.DHT_getData().temp;
                                  ^       ~~~~~~~~~~~~~~~~~~~~~~~~~
TempDevice.cpp(29): warning: use of old-style cast [-Wold-style-cast]
        newValueHum             = (double)sensor.DHT_getData().hum;
                                  ^       ~~~~~~~~~~~~~~~~~~~~~~~~
TempDevice.cpp(31): warning: C++98 requires newline at end of file [-Wc++98-compat-pedantic]
}
 ^
13 warnings generated.
compiling TempDevice.cpp...
linking...
Program Size: Code=24296 RO-data=856 RW-data=168 ZI-data=36312  
FromELF: creating hex file...
".\Objects\Qwerty.axf" - 0 Error(s), 13 Warning(s).

<h2>Software Packages used:</h2>

Package Vendor: ARM
                http://www.keil.com/pack/ARM.CMSIS.5.9.0.pack
                ARM.CMSIS.5.9.0
                CMSIS (Common Microcontroller Software Interface Standard)
   * Component: RTOS2 Version: 2.1.3
   * Component: CORE Version: 5.6.0
   * Component: Keil RTX5 Variant: Source Version: 5.5.4

Package Vendor: Keil
                http://www.keil.com/pack/Keil.STM32F3xx_DFP.2.2.2.pack
                Keil.STM32F3xx_DFP.2.2.2
                STMicroelectronics STM32F3 Series Device Support and Examples
   * Component: Startup Version: 1.11.3

<h2>Collection of Component include folders:</h2>
  ./RTE/CMSIS
  ./RTE/_Target_1
  D:/stm32/ARM/Packs/ARM/CMSIS/5.9.0/CMSIS/Core/Include
  D:/stm32/ARM/Packs/ARM/CMSIS/5.9.0/CMSIS/RTOS2/Include
  D:/stm32/ARM/Packs/ARM/CMSIS/5.9.0/CMSIS/RTOS2/RTX/Include
  D:/stm32/ARM/Packs/Keil/STM32F3xx_DFP/2.2.2/Drivers/CMSIS/Device/ST/STM32F3xx/Include

<h2>Collection of Component Files used:</h2>

   * Component: ::CMSIS:RTOS2:2.1.3 (API)
      Include file:  CMSIS/RTOS2/Include/cmsis_os2.h

   * Component: ARM::CMSIS:CORE:5.6.0

   * Component: ARM::CMSIS:RTOS2:Keil RTX5:Source:5.5.4
      Include file:  CMSIS/RTOS2/RTX/Config/RTX_Config.h
      Source file:   CMSIS/RTOS2/RTX/Template/Mutex.c
      Source file:   CMSIS/RTOS2/RTX/Template/MsgQueue.c
      Source file:   CMSIS/RTOS2/RTX/Template/Timer.c
      Source file:   CMSIS/RTOS2/RTX/Template/MemPool.c
      Source file:   CMSIS/RTOS2/RTX/Template/Semaphore.c
      Source file:   CMSIS/RTOS2/RTX/Template/svc_user.c
      Source file:   CMSIS/RTOS2/RTX/Source/rtx_kernel.c
      Source file:   CMSIS/RTOS2/RTX/Source/rtx_thread.c
      Source file:   CMSIS/RTOS2/RTX/Source/rtx_timer.c
      Source file:   CMSIS/RTOS2/RTX/Source/rtx_evflags.c
      Source file:   CMSIS/RTOS2/RTX/Source/rtx_mutex.c
      Source file:   CMSIS/RTOS2/RTX/Source/rtx_semaphore.c
      Source file:   CMSIS/RTOS2/RTX/Source/rtx_mempool.c
      Source file:   CMSIS/RTOS2/RTX/Config/RTX_Config.c
      Source file:   CMSIS/RTOS2/RTX/Source/rtx_msgqueue.c
      Include file:  CMSIS/RTOS2/RTX/Include/rtx_os.h
      Source file:   CMSIS/RTOS2/RTX/Template/Thread.c
      Source file:   CMSIS/RTOS2/RTX/Source/rtx_delay.c
      Source file:   CMSIS/RTOS2/RTX/Source/rtx_memory.c
      Source file:   CMSIS/RTOS2/RTX/Source/rtx_system.c
      Source file:   CMSIS/RTOS2/RTX/Template/Events.c
      Source file:   CMSIS/RTOS2/RTX/Template/main.c
      Source file:   CMSIS/RTOS2/RTX/Source/rtx_lib.c
      Source file:   CMSIS/RTOS2/RTX/Source/rtx_evr.c
      Source file:   CMSIS/RTOS2/RTX/Source/GCC/irq_armv7m.S
      Source file:   CMSIS/RTOS2/Source/os_systick.c

   * Component: Keil.Standalone::Device:Startup:1.11.3
      Source file:   Drivers/CMSIS/Device/ST/STM32F3xx/Source/Templates/system_stm32f3xx.c
      Source file:   MDK/Device/Source/ARM/STM32F3xx_OPT.s
      Source file:   Drivers/CMSIS/Device/ST/STM32F3xx/Source/Templates/arm/startup_stm32f303xc.s
      Include file:  Drivers/CMSIS/Device/ST/STM32F3xx/Include/stm32f3xx.h
Build Time Elapsed:  00:00:01
</pre>
</body>
</html>
